Archive member included because of file (symbol)

c:/winavr-20100110/bin/../lib/gcc/avr/4.3.3/avr5\libgcc.a(_udivmodsi4.o)
                              ./MCAL/uart.o (__udivmodsi4)
c:/winavr-20100110/bin/../lib/gcc/avr/4.3.3/avr5\libgcc.a(_exit.o)
                              c:/winavr-20100110/bin/../lib/gcc/avr/4.3.3/../../../../avr/lib/avr5/crtm32.o (exit)
c:/winavr-20100110/bin/../lib/gcc/avr/4.3.3/avr5\libgcc.a(_copy_data.o)
                              ./APP/main.o (__do_copy_data)
c:/winavr-20100110/bin/../lib/gcc/avr/4.3.3/avr5\libgcc.a(_clear_bss.o)
                              ./MCAL/timer1.o (__do_clear_bss)

Allocating common symbols
Common symbol       size              file

SystemOperation     0x1               ./APP/main.o

Memory Configuration

Name             Origin             Length             Attributes
text             0x00000000         0x00020000         xr
data             0x00800060         0x0000ffa0         rw !x
eeprom           0x00810000         0x00010000         rw !x
fuse             0x00820000         0x00000400         rw !x
lock             0x00830000         0x00000400         rw !x
signature        0x00840000         0x00000400         rw !x
*default*        0x00000000         0xffffffff

Linker script and memory map

LOAD c:/winavr-20100110/bin/../lib/gcc/avr/4.3.3/../../../../avr/lib/avr5/crtm32.o
LOAD ./MCAL/PWM0.o
LOAD ./MCAL/gpio.o
LOAD ./MCAL/timer1.o
LOAD ./MCAL/twi.o
LOAD ./MCAL/uart.o
LOAD ./HAL/Buzzer.o
LOAD ./HAL/DC_Motor.o
LOAD ./HAL/external_eeprom.o
LOAD ./APP/main.o
LOAD c:/winavr-20100110/bin/../lib/gcc/avr/4.3.3/avr5\libgcc.a
LOAD c:/winavr-20100110/bin/../lib/gcc/avr/4.3.3/../../../../avr/lib/avr5\libc.a
LOAD c:/winavr-20100110/bin/../lib/gcc/avr/4.3.3/avr5\libgcc.a

.hash
 *(.hash)

.dynsym
 *(.dynsym)

.dynstr
 *(.dynstr)

.gnu.version
 *(.gnu.version)

.gnu.version_d
 *(.gnu.version_d)

.gnu.version_r
 *(.gnu.version_r)

.rel.init
 *(.rel.init)

.rela.init
 *(.rela.init)

.rel.text
 *(.rel.text)
 *(.rel.text.*)
 *(.rel.gnu.linkonce.t*)

.rela.text
 *(.rela.text)
 *(.rela.text.*)
 *(.rela.gnu.linkonce.t*)

.rel.fini
 *(.rel.fini)

.rela.fini
 *(.rela.fini)

.rel.rodata
 *(.rel.rodata)
 *(.rel.rodata.*)
 *(.rel.gnu.linkonce.r*)

.rela.rodata
 *(.rela.rodata)
 *(.rela.rodata.*)
 *(.rela.gnu.linkonce.r*)

.rel.data
 *(.rel.data)
 *(.rel.data.*)
 *(.rel.gnu.linkonce.d*)

.rela.data
 *(.rela.data)
 *(.rela.data.*)
 *(.rela.gnu.linkonce.d*)

.rel.ctors
 *(.rel.ctors)

.rela.ctors
 *(.rela.ctors)

.rel.dtors
 *(.rel.dtors)

.rela.dtors
 *(.rela.dtors)

.rel.got
 *(.rel.got)

.rela.got
 *(.rela.got)

.rel.bss
 *(.rel.bss)

.rela.bss
 *(.rela.bss)

.rel.plt
 *(.rel.plt)

.rela.plt
 *(.rela.plt)

.text           0x00000000     0x1470
 *(.vectors)
 .vectors       0x00000000       0x54 c:/winavr-20100110/bin/../lib/gcc/avr/4.3.3/../../../../avr/lib/avr5/crtm32.o
                0x00000000                __vectors
                0x00000000                __vector_default
 *(.vectors)
 *(.progmem.gcc*)
 *(.progmem*)
                0x00000054                . = ALIGN (0x2)
                0x00000054                __trampolines_start = .
 *(.trampolines)
 .trampolines   0x00000054        0x0 linker stubs
 *(.trampolines*)
                0x00000054                __trampolines_end = .
 *(.jumptables)
 *(.jumptables*)
 *(.lowtext)
 *(.lowtext*)
                0x00000054                __ctors_start = .
 *(.ctors)
                0x00000054                __ctors_end = .
                0x00000054                __dtors_start = .
 *(.dtors)
                0x00000054                __dtors_end = .
 SORT(*)(.ctors)
 SORT(*)(.dtors)
 *(.init0)
 .init0         0x00000054        0x0 c:/winavr-20100110/bin/../lib/gcc/avr/4.3.3/../../../../avr/lib/avr5/crtm32.o
                0x00000054                __init
 *(.init0)
 *(.init1)
 *(.init1)
 *(.init2)
 .init2         0x00000054        0xc c:/winavr-20100110/bin/../lib/gcc/avr/4.3.3/../../../../avr/lib/avr5/crtm32.o
 *(.init2)
 *(.init3)
 *(.init3)
 *(.init4)
 .init4         0x00000060       0x16 c:/winavr-20100110/bin/../lib/gcc/avr/4.3.3/avr5\libgcc.a(_copy_data.o)
                0x00000060                __do_copy_data
 .init4         0x00000076       0x10 c:/winavr-20100110/bin/../lib/gcc/avr/4.3.3/avr5\libgcc.a(_clear_bss.o)
                0x00000076                __do_clear_bss
 *(.init4)
 *(.init5)
 *(.init5)
 *(.init6)
 *(.init6)
 *(.init7)
 *(.init7)
 *(.init8)
 *(.init8)
 *(.init9)
 .init9         0x00000086        0x8 c:/winavr-20100110/bin/../lib/gcc/avr/4.3.3/../../../../avr/lib/avr5/crtm32.o
 *(.init9)
 *(.text)
 .text          0x0000008e        0x4 c:/winavr-20100110/bin/../lib/gcc/avr/4.3.3/../../../../avr/lib/avr5/crtm32.o
                0x0000008e                __vector_1
                0x0000008e                __vector_12
                0x0000008e                __bad_interrupt
                0x0000008e                __vector_6
                0x0000008e                __vector_3
                0x0000008e                __vector_11
                0x0000008e                __vector_13
                0x0000008e                __vector_17
                0x0000008e                __vector_19
                0x0000008e                __vector_5
                0x0000008e                __vector_4
                0x0000008e                __vector_2
                0x0000008e                __vector_15
                0x0000008e                __vector_8
                0x0000008e                __vector_14
                0x0000008e                __vector_10
                0x0000008e                __vector_16
                0x0000008e                __vector_18
                0x0000008e                __vector_20
 .text          0x00000092        0x0 ./MCAL/PWM0.o
 .text          0x00000092        0x0 ./MCAL/gpio.o
 .text          0x00000092        0x0 ./MCAL/timer1.o
 .text          0x00000092        0x0 ./MCAL/twi.o
 .text          0x00000092        0x0 ./MCAL/uart.o
 .text          0x00000092        0x0 ./HAL/Buzzer.o
 .text          0x00000092        0x0 ./HAL/DC_Motor.o
 .text          0x00000092        0x0 ./HAL/external_eeprom.o
 .text          0x00000092        0x0 ./APP/main.o
 .text          0x00000092        0x0 c:/winavr-20100110/bin/../lib/gcc/avr/4.3.3/avr5\libgcc.a(_udivmodsi4.o)
 .text          0x00000092        0x0 c:/winavr-20100110/bin/../lib/gcc/avr/4.3.3/avr5\libgcc.a(_exit.o)
 .text          0x00000092        0x0 c:/winavr-20100110/bin/../lib/gcc/avr/4.3.3/avr5\libgcc.a(_copy_data.o)
 .text          0x00000092        0x0 c:/winavr-20100110/bin/../lib/gcc/avr/4.3.3/avr5\libgcc.a(_clear_bss.o)
                0x00000092                . = ALIGN (0x2)
 *(.text.*)
 .text.PWM_Timer0_Start
                0x00000092       0x38 ./MCAL/PWM0.o
                0x00000092                PWM_Timer0_Start
 .text.GPIO_setupPinDirection
                0x000000ca      0x1d6 ./MCAL/gpio.o
                0x000000ca                GPIO_setupPinDirection
 .text.GPIO_writePin
                0x000002a0      0x1d6 ./MCAL/gpio.o
                0x000002a0                GPIO_writePin
 .text.GPIO_readPin
                0x00000476      0x136 ./MCAL/gpio.o
                0x00000476                GPIO_readPin
 .text.GPIO_setupPortDirection
                0x000005ac       0x88 ./MCAL/gpio.o
                0x000005ac                GPIO_setupPortDirection
 .text.GPIO_writePort
                0x00000634       0x88 ./MCAL/gpio.o
                0x00000634                GPIO_writePort
 .text.GPIO_readPort
                0x000006bc       0x8a ./MCAL/gpio.o
                0x000006bc                GPIO_readPort
 .text.__vector_9
                0x00000746       0x66 ./MCAL/timer1.o
                0x00000746                __vector_9
 .text.__vector_7
                0x000007ac       0x66 ./MCAL/timer1.o
                0x000007ac                __vector_7
 .text.Timer1_init
                0x00000812       0x9c ./MCAL/timer1.o
                0x00000812                Timer1_init
 .text.Timer1_deInit
                0x000008ae       0x28 ./MCAL/timer1.o
                0x000008ae                Timer1_deInit
 .text.Timer1_setCallBack
                0x000008d6       0x24 ./MCAL/timer1.o
                0x000008d6                Timer1_setCallBack
 .text.TWI_init
                0x000008fa       0x50 ./MCAL/twi.o
                0x000008fa                TWI_init
 .text.TWI_start
                0x0000094a       0x20 ./MCAL/twi.o
                0x0000094a                TWI_start
 .text.TWI_stop
                0x0000096a       0x16 ./MCAL/twi.o
                0x0000096a                TWI_stop
 .text.TWI_writeByte
                0x00000980       0x2e ./MCAL/twi.o
                0x00000980                TWI_writeByte
 .text.TWI_readByteWithACK
                0x000009ae       0x26 ./MCAL/twi.o
                0x000009ae                TWI_readByteWithACK
 .text.TWI_readByteWithNACK
                0x000009d4       0x26 ./MCAL/twi.o
                0x000009d4                TWI_readByteWithNACK
 .text.TWI_getStatus
                0x000009fa       0x1e ./MCAL/twi.o
                0x000009fa                TWI_getStatus
 .text.UART_init
                0x00000a18      0x120 ./MCAL/uart.o
                0x00000a18                UART_init
 .text.UART_sendByte
                0x00000b38       0x2e ./MCAL/uart.o
                0x00000b38                UART_sendByte
 .text.UART_recieveByte
                0x00000b66       0x1e ./MCAL/uart.o
                0x00000b66                UART_recieveByte
 .text.UART_sendString
                0x00000b84       0x52 ./MCAL/uart.o
                0x00000b84                UART_sendString
 .text.UART_receiveString
                0x00000bd6       0x86 ./MCAL/uart.o
                0x00000bd6                UART_receiveString
 .text.BUZZER_init
                0x00000c5c       0x22 ./HAL/Buzzer.o
                0x00000c5c                BUZZER_init
 .text.BUZZER_on
                0x00000c7e       0x18 ./HAL/Buzzer.o
                0x00000c7e                BUZZER_on
 .text.BUZZER_off
                0x00000c96       0x18 ./HAL/Buzzer.o
                0x00000c96                BUZZER_off
 .text.DcMotor_Init
                0x00000cae       0x36 ./HAL/DC_Motor.o
                0x00000cae                DcMotor_Init
 .text.DcMotor_Rotate
                0x00000ce4       0x8a ./HAL/DC_Motor.o
                0x00000ce4                DcMotor_Rotate
 .text.EEPROM_writeByte
                0x00000d6e       0x82 ./HAL/external_eeprom.o
                0x00000d6e                EEPROM_writeByte
 .text.EEPROM_readByte
                0x00000df0       0xc0 ./HAL/external_eeprom.o
                0x00000df0                EEPROM_readByte
 .text.main     0x00000eb0       0xba ./APP/main.o
                0x00000eb0                main
 .text.recievePass
                0x00000f6a       0x54 ./APP/main.o
                0x00000f6a                recievePass
 .text.checkOnPass
                0x00000fbe       0xfa ./APP/main.o
                0x00000fbe                checkOnPass
 .text.checkOnEEPROMpass
                0x000010b8       0x9e ./APP/main.o
                0x000010b8                checkOnEEPROMpass
 .text.systemRun
                0x00001156      0x156 ./APP/main.o
                0x00001156                systemRun
 .text.systemOperation
                0x000012ac       0x16 ./APP/main.o
                0x000012ac                systemOperation
 .text.writeEEPROM
                0x000012c2       0x52 ./APP/main.o
                0x000012c2                writeEEPROM
 .text.openDoor
                0x00001314       0x46 ./APP/main.o
                0x00001314                openDoor
 .text.activeBuzzzer
                0x0000135a       0x1e ./APP/main.o
                0x0000135a                activeBuzzzer
 .text.timerTicks
                0x00001378       0x18 ./APP/main.o
                0x00001378                timerTicks
 .text.myOwnDelay
                0x00001390       0x98 ./APP/main.o
                0x00001390                myOwnDelay
 .text.libgcc   0x00001428       0x44 c:/winavr-20100110/bin/../lib/gcc/avr/4.3.3/avr5\libgcc.a(_udivmodsi4.o)
                0x00001428                __udivmodsi4
 .text.libgcc   0x0000146c        0x0 c:/winavr-20100110/bin/../lib/gcc/avr/4.3.3/avr5\libgcc.a(_exit.o)
 .text.libgcc   0x0000146c        0x0 c:/winavr-20100110/bin/../lib/gcc/avr/4.3.3/avr5\libgcc.a(_copy_data.o)
 .text.libgcc   0x0000146c        0x0 c:/winavr-20100110/bin/../lib/gcc/avr/4.3.3/avr5\libgcc.a(_clear_bss.o)
                0x0000146c                . = ALIGN (0x2)
 *(.fini9)
 .fini9         0x0000146c        0x0 c:/winavr-20100110/bin/../lib/gcc/avr/4.3.3/avr5\libgcc.a(_exit.o)
                0x0000146c                exit
                0x0000146c                _exit
 *(.fini9)
 *(.fini8)
 *(.fini8)
 *(.fini7)
 *(.fini7)
 *(.fini6)
 *(.fini6)
 *(.fini5)
 *(.fini5)
 *(.fini4)
 *(.fini4)
 *(.fini3)
 *(.fini3)
 *(.fini2)
 *(.fini2)
 *(.fini1)
 *(.fini1)
 *(.fini0)
 .fini0         0x0000146c        0x4 c:/winavr-20100110/bin/../lib/gcc/avr/4.3.3/avr5\libgcc.a(_exit.o)
 *(.fini0)
                0x00001470                _etext = .

.data           0x00800060        0xe load address 0x00001470
                0x00800060                PROVIDE (__data_start, .)
 *(.data)
 .data          0x00800060        0x0 c:/winavr-20100110/bin/../lib/gcc/avr/4.3.3/../../../../avr/lib/avr5/crtm32.o
 .data          0x00800060        0x0 ./MCAL/PWM0.o
 .data          0x00800060        0x0 ./MCAL/gpio.o
 .data          0x00800060        0x0 ./MCAL/timer1.o
 .data          0x00800060        0x0 ./MCAL/twi.o
 .data          0x00800060        0x0 ./MCAL/uart.o
 .data          0x00800060        0x0 ./HAL/Buzzer.o
 .data          0x00800060        0x0 ./HAL/DC_Motor.o
 .data          0x00800060        0x0 ./HAL/external_eeprom.o
 .data          0x00800060        0x0 ./APP/main.o
 .data          0x00800060        0x0 c:/winavr-20100110/bin/../lib/gcc/avr/4.3.3/avr5\libgcc.a(_udivmodsi4.o)
 .data          0x00800060        0x0 c:/winavr-20100110/bin/../lib/gcc/avr/4.3.3/avr5\libgcc.a(_exit.o)
 .data          0x00800060        0x0 c:/winavr-20100110/bin/../lib/gcc/avr/4.3.3/avr5\libgcc.a(_copy_data.o)
 .data          0x00800060        0x0 c:/winavr-20100110/bin/../lib/gcc/avr/4.3.3/avr5\libgcc.a(_clear_bss.o)
 *(.data*)
 *(.rodata)
 *(.rodata*)
 .rodata.C.0.1407
                0x00800060        0x7 ./APP/main.o
 .rodata.C.10.1553
                0x00800067        0x6 ./APP/main.o
 *(.gnu.linkonce.d*)
                0x0080006e                . = ALIGN (0x2)
 *fill*         0x0080006d        0x1 00
                0x0080006e                _edata = .
                0x0080006e                PROVIDE (__data_end, .)

.bss            0x0080006e        0x7
                0x0080006e                PROVIDE (__bss_start, .)
 *(.bss)
 .bss           0x0080006e        0x0 c:/winavr-20100110/bin/../lib/gcc/avr/4.3.3/../../../../avr/lib/avr5/crtm32.o
 .bss           0x0080006e        0x0 ./MCAL/PWM0.o
 .bss           0x0080006e        0x0 ./MCAL/gpio.o
 .bss           0x0080006e        0x0 ./MCAL/timer1.o
 .bss           0x0080006e        0x0 ./MCAL/twi.o
 .bss           0x0080006e        0x0 ./MCAL/uart.o
 .bss           0x0080006e        0x0 ./HAL/Buzzer.o
 .bss           0x0080006e        0x0 ./HAL/DC_Motor.o
 .bss           0x0080006e        0x0 ./HAL/external_eeprom.o
 .bss           0x0080006e        0x0 ./APP/main.o
 .bss           0x0080006e        0x0 c:/winavr-20100110/bin/../lib/gcc/avr/4.3.3/avr5\libgcc.a(_udivmodsi4.o)
 .bss           0x0080006e        0x0 c:/winavr-20100110/bin/../lib/gcc/avr/4.3.3/avr5\libgcc.a(_exit.o)
 .bss           0x0080006e        0x0 c:/winavr-20100110/bin/../lib/gcc/avr/4.3.3/avr5\libgcc.a(_copy_data.o)
 .bss           0x0080006e        0x0 c:/winavr-20100110/bin/../lib/gcc/avr/4.3.3/avr5\libgcc.a(_clear_bss.o)
 *(.bss*)
 .bss.g_callBackPtr
                0x0080006e        0x2 ./MCAL/timer1.o
 .bss.isPassTrue
                0x00800070        0x1 ./APP/main.o
                0x00800070                isPassTrue
 .bss.isUserPassTrue
                0x00800071        0x1 ./APP/main.o
                0x00800071                isUserPassTrue
 .bss.failedAttemp
                0x00800072        0x1 ./APP/main.o
                0x00800072                failedAttemp
 .bss.g_tick    0x00800073        0x1 ./APP/main.o
 *(COMMON)
 COMMON         0x00800074        0x1 ./APP/main.o
                0x00800074                SystemOperation
                0x00800075                PROVIDE (__bss_end, .)
                0x00001470                __data_load_start = LOADADDR (.data)
                0x0000147e                __data_load_end = (__data_load_start + SIZEOF (.data))

.noinit         0x00800075        0x0
                0x00800075                PROVIDE (__noinit_start, .)
 *(.noinit*)
                0x00800075                PROVIDE (__noinit_end, .)
                0x00800075                _end = .
                0x00800075                PROVIDE (__heap_start, .)

.eeprom         0x00810000        0x0
 *(.eeprom*)
                0x00810000                __eeprom_end = .

.fuse
 *(.fuse)
 *(.lfuse)
 *(.hfuse)
 *(.efuse)

.lock
 *(.lock*)

.signature
 *(.signature*)

.stab           0x00000000     0x267c
 *(.stab)
 .stab          0x00000000      0x3e4 ./MCAL/PWM0.o
 .stab          0x000003e4      0x624 ./MCAL/gpio.o
                                0x870 (size before relaxing)
 .stab          0x00000a08      0x324 ./MCAL/timer1.o
                                0x570 (size before relaxing)
 .stab          0x00000d2c      0x354 ./MCAL/twi.o
                                0x5a0 (size before relaxing)
 .stab          0x00001080      0x414 ./MCAL/uart.o
                                0x660 (size before relaxing)
 .stab          0x00001494      0x258 ./HAL/Buzzer.o
                                0x264 (size before relaxing)
 .stab          0x000016ec      0x210 ./HAL/DC_Motor.o
                                0x2e8 (size before relaxing)
 .stab          0x000018fc      0x330 ./HAL/external_eeprom.o
                                0x3cc (size before relaxing)
 .stab          0x00001c2c      0xa50 ./APP/main.o
                                0xc00 (size before relaxing)

.stabstr        0x00000000     0x1769
 *(.stabstr)
 .stabstr       0x00000000     0x1769 ./MCAL/PWM0.o

.stab.excl
 *(.stab.excl)

.stab.exclstr
 *(.stab.exclstr)

.stab.index
 *(.stab.index)

.stab.indexstr
 *(.stab.indexstr)

.comment
 *(.comment)

.debug
 *(.debug)

.line
 *(.line)

.debug_srcinfo
 *(.debug_srcinfo)

.debug_sfnames
 *(.debug_sfnames)

.debug_aranges
 *(.debug_aranges)

.debug_pubnames
 *(.debug_pubnames)

.debug_info
 *(.debug_info)
 *(.gnu.linkonce.wi.*)

.debug_abbrev
 *(.debug_abbrev)

.debug_line
 *(.debug_line)

.debug_frame
 *(.debug_frame)

.debug_str
 *(.debug_str)

.debug_loc
 *(.debug_loc)

.debug_macinfo
 *(.debug_macinfo)
OUTPUT(Control_ECU.elf elf32-avr)
LOAD linker stubs
